[lycaste.co/projects/simplpan/login2.html]
[backblue.gif]
[fade.gif]
[index.html]
[lycaste.co/projects/simplpan/login2.html]
[lycaste.co/projects/simplpan/css/jquery/facebox/facebox.css]
[lycaste.co/projects/simplpan/css/screen.css]
[lycaste.co/projects/simplpan/css/fixed.css]
[lycaste.co/projects/simplpan/css/theme/blue.css]
[lycaste.co/projects/simplpan/js/jquery-1.4.1.min.js]
[lycaste.co/projects/simplpan/js/jquery.cookie.js]
[lycaste.co/projects/simplpan/js/jquery.styleswitcher.js]
[lycaste.co/projects/simplpan/js/jquery.visualize.js]
[lycaste.co/projects/simplpan/js/jquery.visualize-tooltip.js]
[lycaste.co/projects/simplpan/js/jquery-animate-css-rotate-scale.js]
[lycaste.co/projects/simplpan/js/jquery-ui-1.8.13.custom.min.js]
[lycaste.co/projects/simplpan/js/jquery.poshytip.min.js]
[lycaste.co/projects/simplpan/js/jquery.quicksand.js]
[lycaste.co/projects/simplpan/js/jquery.dataTables.min.js]
[lycaste.co/projects/simplpan/js/jquery.facebox.js]
[lycaste.co/projects/simplpan/js/jquery.uniform.min.js]
[lycaste.co/projects/simplpan/js/jquery.wysiwyg.js]
[lycaste.co/projects/simplpan/js/syntaxHighlighter/shCore.js]
[lycaste.co/projects/simplpan/js/syntaxHighlighter/shBrushXml.js]
[lycaste.co/projects/simplpan/js/syntaxHighlighter/shBrushJScript.js]
[lycaste.co/projects/simplpan/js/syntaxHighlighter/shBrushCss.js]
[lycaste.co/projects/simplpan/js/syntaxHighlighter/shBrushPhp.js]
[lycaste.co/projects/simplpan/jqueryFileTree.php]
[lycaste.co/projects/simplpan/js/fileTree/jqueryFileTree.js]
[lycaste.co/projects/simplpan/syntaxHighlighter/clipboard.swf]
[lycaste.co/projects/simplpan/js/custom.js]
[lycaste.co/projects/simplpan/css/jquery/smoothness/images/ui-bg_flat_75_ffffff_40x100.png]
[lycaste.co/projects/simplpan/css/jquery/smoothness/images/ui-bg_glass_30_dedede_1x400.png]
[lycaste.co/projects/simplpan/css/jquery/smoothness/images/ui-bg_glass_75_e6e6e6_1x400.png]
[lycaste.co/projects/simplpan/css/jquery/smoothness/images/ui-bg_glass_75_dadada_1x400.png]
[lycaste.co/projects/simplpan/css/jquery/smoothness/images/ui-bg_glass_65_ffffff_1x400.png]
[lycaste.co/projects/simplpan/css/jquery/smoothness/images/ui-bg_flat_0_fffceb_40x100.png]
[lycaste.co/projects/simplpan/css/jquery/smoothness/images/ui-bg_flat_0_ffd1d4_40x100.png]
[lycaste.co/projects/simplpan/css/jquery/smoothness/images/ui-icons_222222_256x240.png]
[lycaste.co/projects/simplpan/css/jquery/smoothness/images/ui-icons_636363_256x240.png]
[lycaste.co/projects/simplpan/css/jquery/smoothness/images/ui-icons_888888_256x240.png]
[lycaste.co/projects/simplpan/css/jquery/smoothness/images/ui-icons_454545_256x240.png]
[lycaste.co/projects/simplpan/css/jquery/smoothness/images/ui-icons_2e83ff_256x240.png]
[lycaste.co/projects/simplpan/css/jquery/smoothness/images/ui-icons_ff2e2e_256x240.png]
[lycaste.co/projects/simplpan/css/jquery/smoothness/images/ui-bg_flat_40_000000_40x100.png]
[lycaste.co/projects/simplpan/css/jquery/smoothness/images/ui-bg_flat_0_aaaaaa_40x100.png]
[lycaste.co/projects/simplpan/css/jquery/smoothness/jquery-ui-1.8.13.custom.css]
[lycaste.co/projects/simplpan/css/jquery/tip/bg.png]
[lycaste.co/projects/simplpan/css/jquery/tip/arrows.png]
[lycaste.co/projects/simplpan/css/jquery/tip/tip-theme.css]
[lycaste.co/projects/simplpan/css/jquery/facebox/facebox.html]
[lycaste.co/projects/simplpan/css/jquery/uniform/sprite.png]
[lycaste.co/bg-input-focus.png]
[lycaste.co/projects/simplpan/css/jquery/uniform/bg-input.png]
[lycaste.co/projects/simplpan/css/jquery/uniform/bg-input-focus.png]
[lycaste.co/projects/simplpan/css/jquery/uniform/uniform.default.css]
[lycaste.co/projects/simplpan/css/reset.css]
[lycaste.co/projects/simplpan/img/bg_light_top.png]
[lycaste.co/projects/simplpan/img/v.png]
[lycaste.co/projects/simplpan/img/bg_texture.png]
[lycaste.co/projects/simplpan/img/icon_chatbubbles.png]
[lycaste.co/projects/simplpan/img/bg_gradient.png]
[lycaste.co/projects/simplpan/img/bg_header.png]
[lycaste.co/projects/simplpan/img/logo.png]
[lycaste.co/projects/simplpan/img/bg_breadcrumb.png]
[lycaste.co/projects/simplpan/img/bg_darken.png]
[lycaste.co/projects/simplpan/img/line.png]
[lycaste.co/projects/simplpan/img/icon_round_big_edit.png]
[lycaste.co/projects/simplpan/img/icon_round_edit.png]
[lycaste.co/projects/simplpan/img/icon_round_big_view.png]
[lycaste.co/projects/simplpan/img/icon_round_view.png]
[lycaste.co/projects/simplpan/img/icon_round_big_delete.png]
[lycaste.co/projects/simplpan/img/icon_round_delete.png]
[lycaste.co/projects/simplpan/img/bg_table_top.png]
[lycaste.co/projects/simplpan/img/bg_table_light.png]
[lycaste.co/projects/simplpan/img/v_sorting.png]
[lycaste.co/projects/simplpan/img/v_sorting_down.png]
[lycaste.co/projects/simplpan/img/v_sorting_up.png]
[lycaste.co/projects/simplpan/img/icon_tool_edit.png]
[lycaste.co/projects/simplpan/img/icon_tool_view.png]
[lycaste.co/projects/simplpan/img/icon_tool_delete.png]
[lycaste.co/projects/simplpan/img/icon_error.png]
[lycaste.co/projects/simplpan/img/icon_warning.png]
[lycaste.co/projects/simplpan/img/icon_info.png]
[lycaste.co/projects/simplpan/img/icon_success.png]
[lycaste.co/projects/simplpan/img/icon_big_pen.png]
[lycaste.co/projects/simplpan/img/icon_big_pictures.png]
[lycaste.co/projects/simplpan/img/icon_big_user_add.png]
[lycaste.co/projects/simplpan/img/icon_big_alarm.png]
[lycaste.co/projects/simplpan/img/icon_big_chat.png]
[lycaste.co/projects/simplpan/img/icon_big_support.png]
[lycaste.co/projects/simplpan/img/icon_pages.png]
[lycaste.co/projects/simplpan/img/icon_about.png]
[lycaste.co/projects/simplpan/img/icon_phone.png]
[lycaste.co/projects/simplpan/img/icon_dashboard.png]
[lycaste.co/projects/simplpan/img/icon_settings.png]
[lycaste.co/projects/simplpan/img/icon_support.png]
[lycaste.co/projects/simplpan/img/icon_house.png]
[lycaste.co/projects/simplpan/img/icon_user.png]
[lycaste.co/projects/simplpan/img/icon_users.png]
[lycaste.co/projects/simplpan/img/icon_pictures.png]
[lycaste.co/projects/simplpan/img/icon_graph.png]
[lycaste.co/projects/simplpan/img/icon_time.png]
[lycaste.co/projects/simplpan/img/icon_lock.png]
[lycaste.co/projects/simplpan/img/icon_typography.png]
[lycaste.co/projects/simplpan/img/icon_brush.png]
[lycaste.co/projects/simplpan/img/icon_computer.png]
[lycaste.co/projects/simplpan/img/icon_preview.png]
[lycaste.co/projects/simplpan/img/icon_blocks.png]
[lycaste.co/projects/simplpan/img/icon_list.png]
[lycaste.co/projects/simplpan/img/icon_coverflow.png]
[lycaste.co/projects/simplpan/img/icon_frames.png]
[lycaste.co/projects/simplpan/img/icon_resize.png]
[lycaste.co/projects/simplpan/img/icon_circle.png]
[lycaste.co/projects/simplpan/img/icon_key.png]
[lycaste.co/projects/simplpan/img/icon_point_right.png]
[lycaste.co/projects/simplpan/img/icon_small_success.png]
[lycaste.co/projects/simplpan/img/icon_small_error.png]
[lycaste.co/projects/simplpan/img/icon_small_success2.png]
[lycaste.co/projects/simplpan/img/icon_small_error2.png]
[lycaste.co/projects/simplpan/css/jquery/smoothness/images/ui-icons_636363_256x240_2.png]
[lycaste.co/projects/simplpan/img/bg_table_dark.png]
[lycaste.co/projects/simplpan/img/icon_truck.png]
[lycaste.co/projects/simplpan/img/icon_experiment.png]
[lycaste.co/projects/simplpan/img/icon_lightbolb.png]
[lycaste.co/projects/simplpan/img/icon_cloud.png]
[lycaste.co/projects/simplpan/img/icon_cloud_download.png]
[lycaste.co/projects/simplpan/img/icon_cloud_upload.png]
[lycaste.co/projects/simplpan/img/icon_view.png]
[lycaste.co/projects/simplpan/img/icon_icecream.png]
[lycaste.co/projects/simplpan/img/icon_paperclip.png]
[lycaste.co/projects/simplpan/img/icon_foot.png]
[lycaste.co/projects/simplpan/img/icon_firefox.png]
[lycaste.co/projects/simplpan/img/icon_chrome.png]
[lycaste.co/projects/simplpan/img/icon_safari.png]
[lycaste.co/projects/simplpan/img/icon_loading.png]
[lycaste.co/projects/simplpan/img/icon_bullseye.png]
[lycaste.co/projects/simplpan/img/icon_folders.png]
[lycaste.co/projects/simplpan/img/icon_tag.png]
[lycaste.co/projects/simplpan/img/icon_tags.png]
[lycaste.co/projects/simplpan/img/icon_mac.png]
[lycaste.co/projects/simplpan/img/icon_windows.png]
[lycaste.co/projects/simplpan/img/icon_linux.png]
[lycaste.co/projects/simplpan/img/icon_edit.png]
[lycaste.co/projects/simplpan/img/icon_table.png]
[lycaste.co/projects/simplpan/img/icon_chair.png]
[lycaste.co/projects/simplpan/img/icon_stop.png]
[lycaste.co/projects/simplpan/img/icon_balloons.png]
[lycaste.co/projects/simplpan/img/icon_cat.png]
[lycaste.co/projects/simplpan/img/icon_plane.png]
[lycaste.co/projects/simplpan/img/icon_car.png]
[lycaste.co/projects/simplpan/img/icon_book2.png]
[lycaste.co/projects/simplpan/img/icon_book.png]
[lycaste.co/projects/simplpan/img/icon_books.png]
[lycaste.co/projects/simplpan/img/icon_tree.png]
[lycaste.co/projects/simplpan/img/icon_ambrella.png]
[lycaste.co/projects/simplpan/img/icon_mail.png]
[lycaste.co/projects/simplpan/img/icon_rss.png]
[lycaste.co/projects/simplpan/img/icon_strategy.png]
[lycaste.co/projects/simplpan/img/icon_buildings.png]
[lycaste.co/projects/simplpan/img/icon_companys.png]
[lycaste.co/projects/simplpan/img/icon_archive.png]
[lycaste.co/projects/simplpan/img/icon_cabin.png]
[lycaste.co/projects/simplpan/img/icon_bandaid.png]
[lycaste.co/projects/simplpan/img/icon_warning2.png]
[lycaste.co/projects/simplpan/img/icon_bell.png]
[lycaste.co/projects/simplpan/img/icon_globe2.png]
[lycaste.co/projects/simplpan/img/icon_globe.png]
[lycaste.co/projects/simplpan/img/icon_delicious.png]
[lycaste.co/projects/simplpan/img/icon_twitter.png]
[lycaste.co/projects/simplpan/img/icon_tumbler.png]
[lycaste.co/projects/simplpan/img/icon_plixie.png]
[lycaste.co/projects/simplpan/img/icon_dribbble.png]
[lycaste.co/projects/simplpan/img/icon_stumbleupon.png]
[lycaste.co/projects/simplpan/img/icon_youtube.png]
[lycaste.co/projects/simplpan/img/icon_vimeo.png]
[lycaste.co/projects/simplpan/img/icon_skype.png]
[lycaste.co/projects/simplpan/img/icon_facebook.png]
[lycaste.co/projects/simplpan/img/icon_like.png]
[lycaste.co/projects/simplpan/img/icon_dropbox.png]
[lycaste.co/projects/simplpan/img/icon_suitcase.png]
[lycaste.co/projects/simplpan/img/icon_dress.png]
[lycaste.co/projects/simplpan/img/icon_shirt.png]
[lycaste.co/projects/simplpan/img/icon_pants.png]
[lycaste.co/projects/simplpan/img/icon_socks.png]
[lycaste.co/projects/simplpan/img/icon_date.png]
[lycaste.co/projects/simplpan/img/icon_calendar.png]
[lycaste.co/projects/simplpan/img/icon_search.png]
[lycaste.co/projects/simplpan/img/icon_trash.png]
[lycaste.co/projects/simplpan/img/icon_presentation.png]
[lycaste.co/projects/simplpan/img/icon_pc_download.png]
[lycaste.co/projects/simplpan/img/icon_download.png]
[lycaste.co/projects/simplpan/img/icon_upload.png]
[lycaste.co/projects/simplpan/img/icon_flag.png]
[lycaste.co/projects/simplpan/img/icon_house2.png]
[lycaste.co/projects/simplpan/img/icon_links2.png]
[lycaste.co/projects/simplpan/img/icon_links.png]
[lycaste.co/projects/simplpan/img/icon_box_incomming.png]
[lycaste.co/projects/simplpan/img/icon_bluetooth.png]
[lycaste.co/projects/simplpan/img/icon_wifi.png]
[lycaste.co/projects/simplpan/img/icon_iphone.png]
[lycaste.co/projects/simplpan/img/icon_blackberry.png]
[lycaste.co/projects/simplpan/img/icon_android.png]
[lycaste.co/projects/simplpan/img/icon_mobile_phone.png]
[lycaste.co/projects/simplpan/img/icon_wordpress.png]
[lycaste.co/projects/simplpan/img/icon_ee.png]
[lycaste.co/projects/simplpan/img/icon_joomla.png]
[lycaste.co/projects/simplpan/img/icon_drupal.png]
[lycaste.co/projects/simplpan/img/icon_printer.png]
[lycaste.co/projects/simplpan/img/icon_tv.png]
[lycaste.co/projects/simplpan/img/icon_laptop.png]
[lycaste.co/projects/simplpan/img/icon_camera.png]
[lycaste.co/projects/simplpan/img/icon_ipad.png]
[lycaste.co/projects/simplpan/img/icon_dvd.png]
[lycaste.co/projects/simplpan/img/icon_blueray.png]
[lycaste.co/projects/simplpan/img/icon_sound.png]
[lycaste.co/projects/simplpan/img/icon_movie.png]
[lycaste.co/projects/simplpan/img/icon_microphone.png]
[lycaste.co/projects/simplpan/img/icon_headphones.png]
[lycaste.co/projects/simplpan/img/icon_hd.png]
[lycaste.co/projects/simplpan/img/icon_sd.png]
[lycaste.co/projects/simplpan/img/icon_settings2.png]
[lycaste.co/projects/simplpan/img/icon_paypal2.png]
[lycaste.co/projects/simplpan/img/icon_paypal.png]
[lycaste.co/projects/simplpan/img/icon_money_tag.png]
[lycaste.co/projects/simplpan/img/icon_money_tags.png]
[lycaste.co/projects/simplpan/img/icon_pig.png]
[lycaste.co/projects/simplpan/img/icon_cart.png]
[lycaste.co/projects/simplpan/img/icon_pdf.png]
[lycaste.co/projects/simplpan/img/icon_pdfs.png]
[lycaste.co/projects/simplpan/img/icon_word.png]
[lycaste.co/projects/simplpan/img/icon_words.png]
[lycaste.co/projects/simplpan/img/icon_zip.png]
[lycaste.co/projects/simplpan/img/icon_zips.png]
[lycaste.co/projects/simplpan/img/icon_powerpoint.png]
[lycaste.co/projects/simplpan/img/icon_powerpoints.png]
[lycaste.co/projects/simplpan/img/icon_exel.png]
[lycaste.co/projects/simplpan/img/icon_exels.png]
[lycaste.co/projects/simplpan/img/icon_location2.png]
[lycaste.co/projects/simplpan/img/icon_location.png]
[lycaste.co/projects/simplpan/img/icon_cut.png]
[lycaste.co/projects/simplpan/img/icon_eyedrop.png]
[lycaste.co/projects/simplpan/img/icon_battery.png]
[lycaste.co/projects/simplpan/img/icon_power.png]
[lycaste.co/projects/simplpan/img/icon_electricity.png]
[lycaste.co/projects/simplpan/img/icon_box.png]
[lycaste.co/projects/simplpan/img/icon_box_outgoing.png]
[lycaste.co/projects/simplpan/img/icon_unlock.png]
[lycaste.co/projects/simplpan/css/style.css]
[lycaste.co/projects/simplpan/css/typography.css]
[lycaste.co/projects/simplpan/img/bg_button.png]
[lycaste.co/projects/simplpan/css/jquery/wysiwyg.gif]
[lycaste.co/projects/simplpan/css/forms.css]
[lycaste.co/projects/simplpan/css/jquery/visualize/visualize.css]
[lycaste.co/projects/simplpan/css/jquery/SyntaxHighlighter.css]
[lycaste.co/projects/simplpan/css/jquery/filetree/images/directory.png]
[lycaste.co/projects/simplpan/css/jquery/filetree/images/folder_open.png]
[lycaste.co/projects/simplpan/css/jquery/filetree/images/file.png]
[lycaste.co/projects/simplpan/css/jquery/filetree/images/spinner.gif]
[lycaste.co/projects/simplpan/css/jquery/filetree/images/film.png]
[lycaste.co/projects/simplpan/css/jquery/filetree/images/code.png]
[lycaste.co/projects/simplpan/css/jquery/filetree/images/application.png]
[lycaste.co/projects/simplpan/css/jquery/filetree/images/picture.png]
[lycaste.co/projects/simplpan/css/jquery/filetree/images/css.png]
[lycaste.co/projects/simplpan/css/jquery/filetree/images/doc.png]
[lycaste.co/projects/simplpan/css/jquery/filetree/images/flash.png]
[lycaste.co/projects/simplpan/css/jquery/filetree/images/html.png]
[lycaste.co/projects/simplpan/css/jquery/filetree/images/java.png]
[lycaste.co/projects/simplpan/css/jquery/filetree/images/script.png]
[lycaste.co/projects/simplpan/css/jquery/filetree/images/txt.png]
[lycaste.co/projects/simplpan/css/jquery/filetree/images/music.png]
[lycaste.co/projects/simplpan/css/jquery/filetree/images/pdf.png]
[lycaste.co/projects/simplpan/css/jquery/filetree/images/php.png]
[lycaste.co/projects/simplpan/css/jquery/filetree/images/ppt.png]
[lycaste.co/projects/simplpan/css/jquery/filetree/images/psd.png]
[lycaste.co/projects/simplpan/css/jquery/filetree/images/ruby.png]
[lycaste.co/projects/simplpan/css/jquery/filetree/images/linux.png]
[lycaste.co/projects/simplpan/css/jquery/filetree/images/db.png]
[lycaste.co/projects/simplpan/css/jquery/filetree/images/xls.png]
[lycaste.co/projects/simplpan/css/jquery/filetree/images/zip.png]
[lycaste.co/projects/simplpan/css/jquery/filetree/jqueryFileTree.css]
[lycaste.co/projects/simplpan/jqueryFileTree.html]
[lycaste.co/projects/simplpan/syntaxHighlighter/clipboard.html]
[lycaste.co/bg-input-focus.html]
[lycaste.co/projects/simplpan/img/bg.png]
[lycaste.co/projects/simplpan/img/bg_light_top.html]
[lycaste.co/projects/simplpan/img/bg_texture.html]
[lycaste.co/projects/simplpan/img/bg_gradient.html]
[lycaste.co/projects/simplpan/img/bg_header.html]
[lycaste.co/projects/simplpan/img/bg_breadcrumb.html]
[lycaste.co/projects/simplpan/img/bg_darken.html]
[lycaste.co/projects/simplpan/img/bg_table_top.html]
[lycaste.co/projects/simplpan/img/bg_table_light.html]
[lycaste.co/projects/simplpan/img/bg_table_dark.html]
[lycaste.co/projects/simplpan/img/bg_button.html]
